Archive member included because of file (symbol)

/Applications/Simplicity Studio.app/Contents/Eclipse/developer/toolchains/gnu_arm/4.9_2015q3/bin/../lib/gcc/arm-none-eabi/4.9.3/armv7-m/libgcc.a(_aeabi_uldivmod.o)
                              ./emlib/em_usart.o (__aeabi_uldivmod)
/Applications/Simplicity Studio.app/Contents/Eclipse/developer/toolchains/gnu_arm/4.9_2015q3/bin/../lib/gcc/arm-none-eabi/4.9.3/armv7-m/libgcc.a(bpabi.o)
                              /Applications/Simplicity Studio.app/Contents/Eclipse/developer/toolchains/gnu_arm/4.9_2015q3/bin/../lib/gcc/arm-none-eabi/4.9.3/armv7-m/libgcc.a(_aeabi_uldivmod.o) (__gnu_uldivmod_helper)
/Applications/Simplicity Studio.app/Contents/Eclipse/developer/toolchains/gnu_arm/4.9_2015q3/bin/../lib/gcc/arm-none-eabi/4.9.3/armv7-m/libgcc.a(_dvmd_tls.o)
                              /Applications/Simplicity Studio.app/Contents/Eclipse/developer/toolchains/gnu_arm/4.9_2015q3/bin/../lib/gcc/arm-none-eabi/4.9.3/armv7-m/libgcc.a(_aeabi_uldivmod.o) (__aeabi_ldiv0)
/Applications/Simplicity Studio.app/Contents/Eclipse/developer/toolchains/gnu_arm/4.9_2015q3/bin/../lib/gcc/arm-none-eabi/4.9.3/armv7-m/libgcc.a(_divdi3.o)
                              /Applications/Simplicity Studio.app/Contents/Eclipse/developer/toolchains/gnu_arm/4.9_2015q3/bin/../lib/gcc/arm-none-eabi/4.9.3/armv7-m/libgcc.a(bpabi.o) (__divdi3)
/Applications/Simplicity Studio.app/Contents/Eclipse/developer/toolchains/gnu_arm/4.9_2015q3/bin/../lib/gcc/arm-none-eabi/4.9.3/armv7-m/libgcc.a(_udivdi3.o)
                              /Applications/Simplicity Studio.app/Contents/Eclipse/developer/toolchains/gnu_arm/4.9_2015q3/bin/../lib/gcc/arm-none-eabi/4.9.3/armv7-m/libgcc.a(bpabi.o) (__udivdi3)
/Applications/Simplicity Studio.app/Contents/Eclipse/developer/toolchains/gnu_arm/4.9_2015q3/bin/../lib/gcc/arm-none-eabi/4.9.3/../../../../arm-none-eabi/lib/armv7-m/libc_nano.a(lib_a-exit.o)
                              /Applications/Simplicity Studio.app/Contents/Eclipse/developer/toolchains/gnu_arm/4.9_2015q3/bin/../lib/gcc/arm-none-eabi/4.9.3/../../../../arm-none-eabi/lib/armv7-m/crt0.o (exit)
/Applications/Simplicity Studio.app/Contents/Eclipse/developer/toolchains/gnu_arm/4.9_2015q3/bin/../lib/gcc/arm-none-eabi/4.9.3/../../../../arm-none-eabi/lib/armv7-m/libc_nano.a(lib_a-impure.o)
                              /Applications/Simplicity Studio.app/Contents/Eclipse/developer/toolchains/gnu_arm/4.9_2015q3/bin/../lib/gcc/arm-none-eabi/4.9.3/../../../../arm-none-eabi/lib/armv7-m/libc_nano.a(lib_a-exit.o) (_global_impure_ptr)
/Applications/Simplicity Studio.app/Contents/Eclipse/developer/toolchains/gnu_arm/4.9_2015q3/bin/../lib/gcc/arm-none-eabi/4.9.3/../../../../arm-none-eabi/lib/armv7-m/libc_nano.a(lib_a-init.o)
                              /Applications/Simplicity Studio.app/Contents/Eclipse/developer/toolchains/gnu_arm/4.9_2015q3/bin/../lib/gcc/arm-none-eabi/4.9.3/../../../../arm-none-eabi/lib/armv7-m/crt0.o (__libc_init_array)
/Applications/Simplicity Studio.app/Contents/Eclipse/developer/toolchains/gnu_arm/4.9_2015q3/bin/../lib/gcc/arm-none-eabi/4.9.3/../../../../arm-none-eabi/lib/armv7-m/libc_nano.a(lib_a-memset.o)
                              /Applications/Simplicity Studio.app/Contents/Eclipse/developer/toolchains/gnu_arm/4.9_2015q3/bin/../lib/gcc/arm-none-eabi/4.9.3/../../../../arm-none-eabi/lib/armv7-m/crt0.o (memset)
/Applications/Simplicity Studio.app/Contents/Eclipse/developer/toolchains/gnu_arm/4.9_2015q3/bin/../lib/gcc/arm-none-eabi/4.9.3/../../../../arm-none-eabi/lib/armv7-m/libnosys.a(_exit.o)
                              /Applications/Simplicity Studio.app/Contents/Eclipse/developer/toolchains/gnu_arm/4.9_2015q3/bin/../lib/gcc/arm-none-eabi/4.9.3/../../../../arm-none-eabi/lib/armv7-m/libc_nano.a(lib_a-exit.o) (_exit)

Allocating common symbols
Common symbol       size              file

msTicks             0x4               ./src/blink.o

Discarded input sections

 .text          0x0000000000000000        0x0 /Applications/Simplicity Studio.app/Contents/Eclipse/developer/toolchains/gnu_arm/4.9_2015q3/bin/../lib/gcc/arm-none-eabi/4.9.3/armv7-m/crti.o
 .data          0x0000000000000000        0x0 /Applications/Simplicity Studio.app/Contents/Eclipse/developer/toolchains/gnu_arm/4.9_2015q3/bin/../lib/gcc/arm-none-eabi/4.9.3/armv7-m/crti.o
 .bss           0x0000000000000000        0x0 /Applications/Simplicity Studio.app/Contents/Eclipse/developer/toolchains/gnu_arm/4.9_2015q3/bin/../lib/gcc/arm-none-eabi/4.9.3/armv7-m/crti.o
 .data          0x0000000000000000        0x4 /Applications/Simplicity Studio.app/Contents/Eclipse/developer/toolchains/gnu_arm/4.9_2015q3/bin/../lib/gcc/arm-none-eabi/4.9.3/armv7-m/crtbegin.o
 .data          0x0000000000000000        0x0 /Applications/Simplicity Studio.app/Contents/Eclipse/developer/toolchains/gnu_arm/4.9_2015q3/bin/../lib/gcc/arm-none-eabi/4.9.3/../../../../arm-none-eabi/lib/armv7-m/crt0.o
 .bss           0x0000000000000000        0x0 /Applications/Simplicity Studio.app/Contents/Eclipse/developer/toolchains/gnu_arm/4.9_2015q3/bin/../lib/gcc/arm-none-eabi/4.9.3/../../../../arm-none-eabi/lib/armv7-m/crt0.o
 .ARM.extab     0x0000000000000000        0x0 /Applications/Simplicity Studio.app/Contents/Eclipse/developer/toolchains/gnu_arm/4.9_2015q3/bin/../lib/gcc/arm-none-eabi/4.9.3/../../../../arm-none-eabi/lib/armv7-m/crt0.o
 .text          0x0000000000000000        0x0 ./BSP/bsp_bcc.o
 .data          0x0000000000000000        0x0 ./BSP/bsp_bcc.o
 .bss           0x0000000000000000        0x0 ./BSP/bsp_bcc.o
 .bss.rxByteCount
                0x0000000000000000        0x4 ./BSP/bsp_bcc.o
 .bss.txByteCount
                0x0000000000000000        0x4 ./BSP/bsp_bcc.o
 .text.BSP_BccDeInit
                0x0000000000000000       0x40 ./BSP/bsp_bcc.o
 .rodata        0x0000000000000000       0x18 ./BSP/bsp_bcc.o
 .text.BSP_BccInit
                0x0000000000000000       0x74 ./BSP/bsp_bcc.o
 .text.BSP_BccPacketReceive
                0x0000000000000000       0xa0 ./BSP/bsp_bcc.o
 .text.BSP_BccPacketSend
                0x0000000000000000       0x5c ./BSP/bsp_bcc.o
 .text.BSP_BccPinsEnable
                0x0000000000000000       0x80 ./BSP/bsp_bcc.o
 .text.RxByte   0x0000000000000000       0x3c ./BSP/bsp_bcc.o
 .text.TxByte   0x0000000000000000       0x3c ./BSP/bsp_bcc.o
 .debug_info    0x0000000000000000      0x7b9 ./BSP/bsp_bcc.o
 .debug_abbrev  0x0000000000000000      0x1c4 ./BSP/bsp_bcc.o
 .debug_loc     0x0000000000000000      0x224 ./BSP/bsp_bcc.o
 .debug_aranges
                0x0000000000000000       0x50 ./BSP/bsp_bcc.o
 .debug_ranges  0x0000000000000000       0x40 ./BSP/bsp_bcc.o
 .debug_line    0x0000000000000000      0x4c2 ./BSP/bsp_bcc.o
 .debug_str     0x0000000000000000      0x9c1 ./BSP/bsp_bcc.o
 .comment       0x0000000000000000       0x71 ./BSP/bsp_bcc.o
 .debug_frame   0x0000000000000000      0x114 ./BSP/bsp_bcc.o
 .ARM.attributes
                0x0000000000000000       0x33 ./BSP/bsp_bcc.o
 .text          0x0000000000000000        0x0 ./BSP/bsp_stk.o
 .data          0x0000000000000000        0x0 ./BSP/bsp_stk.o
 .bss           0x0000000000000000        0x0 ./BSP/bsp_stk.o
 .text.BSP_Disable
                0x0000000000000000       0x14 ./BSP/bsp_stk.o
 .text.BSP_EbiInit
                0x0000000000000000       0x14 ./BSP/bsp_stk.o
 .text.BSP_EbiDeInit
                0x0000000000000000       0x14 ./BSP/bsp_stk.o
 .text.BSP_IOExpGetDeviceId
                0x0000000000000000       0x10 ./BSP/bsp_stk.o
 .text.BSP_Init
                0x0000000000000000       0x20 ./BSP/bsp_stk.o
 .text.BSP_PeripheralAccess
                0x0000000000000000       0x20 ./BSP/bsp_stk.o
 .text.BSP_CurrentGet
                0x0000000000000000       0x40 ./BSP/bsp_stk.o
 .text.BSP_VoltageGet
                0x0000000000000000       0x40 ./BSP/bsp_stk.o
 .debug_info    0x0000000000000000      0x2b7 ./BSP/bsp_stk.o
 .debug_abbrev  0x0000000000000000      0x151 ./BSP/bsp_stk.o
 .debug_loc     0x0000000000000000      0x244 ./BSP/bsp_stk.o
 .debug_aranges
                0x0000000000000000       0x58 ./BSP/bsp_stk.o
 .debug_ranges  0x0000000000000000       0x48 ./BSP/bsp_stk.o
 .debug_line    0x0000000000000000      0x35d ./BSP/bsp_stk.o
 .debug_str     0x0000000000000000      0x34c ./BSP/bsp_stk.o
 .comment       0x0000000000000000       0x71 ./BSP/bsp_stk.o
 .debug_frame   0x0000000000000000      0x120 ./BSP/bsp_stk.o
 .ARM.attributes
                0x0000000000000000       0x33 ./BSP/bsp_stk.o
 .text          0x0000000000000000        0x0 ./BSP/bsp_stk_leds.o
 .data          0x0000000000000000        0x0 ./BSP/bsp_stk_leds.o
 .bss           0x0000000000000000        0x0 ./BSP/bsp_stk_leds.o
 .text.BUS_RegBitRead
                0x0000000000000000       0x2c ./BSP/bsp_stk_leds.o
 .rodata        0x0000000000000000       0x77 ./BSP/bsp_stk_leds.o
 .text.GPIO_PinOutClear
                0x0000000000000000       0x94 ./BSP/bsp_stk_leds.o
 .text.GPIO_PinOutGet
                0x0000000000000000       0x94 ./BSP/bsp_stk_leds.o
 .text.GPIO_PinOutSet
                0x0000000000000000       0x94 ./BSP/bsp_stk_leds.o
 .text.GPIO_PinOutToggle
                0x0000000000000000       0x94 ./BSP/bsp_stk_leds.o
 .text.BSP_LedsGet
                0x0000000000000000       0x60 ./BSP/bsp_stk_leds.o
 .text.BSP_LedsSet
                0x0000000000000000       0x64 ./BSP/bsp_stk_leds.o
 .text.BSP_LedClear
                0x0000000000000000       0x3c ./BSP/bsp_stk_leds.o
 .text.BSP_LedGet
                0x0000000000000000       0x40 ./BSP/bsp_stk_leds.o
 .text.BSP_LedSet
                0x0000000000000000       0x3c ./BSP/bsp_stk_leds.o
 .text.BSP_LedToggle
                0x0000000000000000       0x3c ./BSP/bsp_stk_leds.o
 .text          0x0000000000000000        0x0 ./BSP/bsp_trace.o
 .data          0x0000000000000000        0x0 ./BSP/bsp_trace.o
 .bss           0x0000000000000000        0x0 ./BSP/bsp_trace.o
 .data          0x0000000000000000        0x0 ./CMSIS/EFM32TG/startup_efm32tg.o
 .bss           0x0000000000000000        0x0 ./CMSIS/EFM32TG/startup_efm32tg.o
 .text          0x0000000000000000        0x0 ./CMSIS/EFM32TG/system_efm32tg.o
 .data          0x0000000000000000        0x0 ./CMSIS/EFM32TG/system_efm32tg.o
 .bss           0x0000000000000000        0x0 ./CMSIS/EFM32TG/system_efm32tg.o
 .text.SystemMaxCoreClockGet
                0x0000000000000000       0x14 ./CMSIS/EFM32TG/system_efm32tg.o
 .text.SystemHFXOClockGet
                0x0000000000000000       0x18 ./CMSIS/EFM32TG/system_efm32tg.o
 .text.SystemHFXOClockSet
                0x0000000000000000       0x2c ./CMSIS/EFM32TG/system_efm32tg.o
 .text.SystemLFXOClockSet
                0x0000000000000000       0x2c ./CMSIS/EFM32TG/system_efm32tg.o
 .text          0x0000000000000000        0x0 ./emlib/em_assert.o
 .data          0x0000000000000000        0x0 ./emlib/em_assert.o
 .bss           0x0000000000000000        0x0 ./emlib/em_assert.o
 .text          0x0000000000000000        0x0 ./emlib/em_cmu.o
 .data          0x0000000000000000        0x0 ./emlib/em_cmu.o
 .bss           0x0000000000000000        0x0 ./emlib/em_cmu.o
 .text.BUS_RegBitRead
                0x0000000000000000       0x2c ./emlib/em_cmu.o
 .text.BUS_RegMaskedWrite
                0x0000000000000000       0x28 ./emlib/em_cmu.o
 .text.CMU_Log2ToDiv
                0x0000000000000000       0x1c ./emlib/em_cmu.o
 .text.flashWaitStateControl
                0x0000000000000000       0x9c ./emlib/em_cmu.o
 .text.flashWaitStateMax
                0x0000000000000000       0x14 ./emlib/em_cmu.o
 .text.CMU_UpdateWaitStates
                0x0000000000000000       0x18 ./emlib/em_cmu.o
 .text.CMU_AUXHFRCOBandGet
                0x0000000000000000       0x20 ./emlib/em_cmu.o
 .text.CMU_AUXHFRCOBandSet
                0x0000000000000000       0xb8 ./emlib/em_cmu.o
 .text.CMU_Calibrate
                0x0000000000000000       0xac ./emlib/em_cmu.o
 .text.CMU_CalibrateConfig
                0x0000000000000000       0xfc ./emlib/em_cmu.o
 .text.CMU_CalibrateCountGet
                0x0000000000000000       0x38 ./emlib/em_cmu.o
 .text.CMU_ClockDivGet
                0x0000000000000000      0x158 ./emlib/em_cmu.o
 .text.CMU_ClockDivSet
                0x0000000000000000      0x22c ./emlib/em_cmu.o
 .text.CMU_ClockSelectSet
                0x0000000000000000      0x1f8 ./emlib/em_cmu.o
 .text.CMU_FreezeEnable
                0x0000000000000000       0x38 ./emlib/em_cmu.o
 .text.CMU_HFRCOBandGet
                0x0000000000000000       0x20 ./emlib/em_cmu.o
 .text.CMU_HFRCOBandSet
                0x0000000000000000       0xd8 ./emlib/em_cmu.o
 .text.CMU_HFRCOStartupDelayGet
                0x0000000000000000       0x1c ./emlib/em_cmu.o
 .text.CMU_HFRCOStartupDelaySet
                0x0000000000000000       0x40 ./emlib/em_cmu.o
 .text.CMU_HFXOInit
                0x0000000000000000       0x6c ./emlib/em_cmu.o
 .text.CMU_LCDClkFDIVGet
                0x0000000000000000       0x1c ./emlib/em_cmu.o
 .text.CMU_LCDClkFDIVSet
                0x0000000000000000       0x4c ./emlib/em_cmu.o
 .text.CMU_LFXOInit
                0x0000000000000000       0x6c ./emlib/em_cmu.o
 .text.CMU_OscillatorEnable
                0x0000000000000000       0xc8 ./emlib/em_cmu.o
 .text.CMU_OscillatorTuningGet
                0x0000000000000000       0x5c ./emlib/em_cmu.o
 .text.CMU_OscillatorTuningSet
                0x0000000000000000       0xb0 ./emlib/em_cmu.o
 .text.CMU_PCNTClockExternalGet
                0x0000000000000000       0x3c ./emlib/em_cmu.o
 .text.CMU_PCNTClockExternalSet
                0x0000000000000000       0x48 ./emlib/em_cmu.o
 .text          0x0000000000000000        0x0 ./emlib/em_emu.o
 .data          0x0000000000000000        0x0 ./emlib/em_emu.o
 .bss           0x0000000000000000        0x0 ./emlib/em_emu.o
 .text.SystemCoreClockUpdate
                0x0000000000000000        0xc ./emlib/em_emu.o
 .text.EMU_Unlock
                0x0000000000000000       0x18 ./emlib/em_emu.o
 .text.CMU_Lock
                0x0000000000000000       0x18 ./emlib/em_emu.o
 .text.CMU_Unlock
                0x0000000000000000       0x1c ./emlib/em_emu.o
 .text.emState  0x0000000000000000       0xd0 ./emlib/em_emu.o
 .text.getErrataFixEmuE107En
                0x0000000000000000       0x58 ./emlib/em_emu.o
 .text.EMU_EnterEM2
                0x0000000000000000       0x74 ./emlib/em_emu.o
 .text.EMU_EnterEM3
                0x0000000000000000       0x9c ./emlib/em_emu.o
 .text.EMU_Save
                0x0000000000000000        0xc ./emlib/em_emu.o
 .text.EMU_Restore
                0x0000000000000000        0xc ./emlib/em_emu.o
 .text.EMU_EnterEM4
                0x0000000000000000       0x50 ./emlib/em_emu.o
 .text.EMU_MemPwrDown
                0x0000000000000000       0x14 ./emlib/em_emu.o
 .text.EMU_RamPowerDown
                0x0000000000000000       0x28 ./emlib/em_emu.o
 .text.EMU_UpdateOscConfig
                0x0000000000000000        0xc ./emlib/em_emu.o
 .text.EMU_EM23Init
                0x0000000000000000       0x34 ./emlib/em_emu.o
 .bss.cmuStatus.5045
                0x0000000000000000        0x4 ./emlib/em_emu.o
 .bss.hfClock.5046
                0x0000000000000000        0x1 ./emlib/em_emu.o
 .debug_info    0x0000000000000000      0xb68 ./emlib/em_emu.o
 .debug_abbrev  0x0000000000000000      0x22f ./emlib/em_emu.o
 .debug_loc     0x0000000000000000      0x42c ./emlib/em_emu.o
 .debug_aranges
                0x0000000000000000       0x90 ./emlib/em_emu.o
 .debug_ranges  0x0000000000000000       0x80 ./emlib/em_emu.o
 .debug_line    0x0000000000000000      0x543 ./emlib/em_emu.o
 .debug_str     0x0000000000000000      0x848 ./emlib/em_emu.o
 .comment       0x0000000000000000       0x71 ./emlib/em_emu.o
 .debug_frame   0x0000000000000000      0x210 ./emlib/em_emu.o
 .ARM.attributes
                0x0000000000000000       0x33 ./emlib/em_emu.o
 .text          0x0000000000000000        0x0 ./emlib/em_gpio.o
 .data          0x0000000000000000        0x0 ./emlib/em_gpio.o
 .bss           0x0000000000000000        0x0 ./emlib/em_gpio.o
 .text.BUS_RegBitWrite
                0x0000000000000000       0x2c ./emlib/em_gpio.o
 .text.BUS_RegMaskedWrite
                0x0000000000000000       0x28 ./emlib/em_gpio.o
 .text.GPIO_EM4SetPinRetention
                0x0000000000000000       0x40 ./emlib/em_gpio.o
 .text.GPIO_DbgLocationSet
                0x0000000000000000       0x3c ./emlib/em_gpio.o
 .text.GPIO_DriveModeSet
                0x0000000000000000       0x78 ./emlib/em_gpio.o
 .text.GPIO_ExtIntConfig
                0x0000000000000000      0x114 ./emlib/em_gpio.o
 .text.GPIO_PinModeGet
                0x0000000000000000       0xc8 ./emlib/em_gpio.o
 .text.GPIO_EM4EnablePinWakeup
                0x0000000000000000       0x84 ./emlib/em_gpio.o
 .text          0x0000000000000000        0x0 ./emlib/em_system.o
 .data          0x0000000000000000        0x0 ./emlib/em_system.o
 .bss           0x0000000000000000        0x0 ./emlib/em_system.o
 .rodata        0x0000000000000000       0x78 ./emlib/em_system.o
 .text.SYSTEM_ChipRevisionGet
                0x0000000000000000       0x80 ./emlib/em_system.o
 .text.SYSTEM_GetCalibrationValue
                0x0000000000000000       0x5c ./emlib/em_system.o
 .debug_info    0x0000000000000000      0x272 ./emlib/em_system.o
 .debug_abbrev  0x0000000000000000      0x107 ./emlib/em_system.o
 .debug_loc     0x0000000000000000       0xac ./emlib/em_system.o
 .debug_aranges
                0x0000000000000000       0x28 ./emlib/em_system.o
 .debug_ranges  0x0000000000000000       0x18 ./emlib/em_system.o
 .debug_line    0x0000000000000000      0x387 ./emlib/em_system.o
 .debug_str     0x0000000000000000      0x2f6 ./emlib/em_system.o
 .comment       0x0000000000000000       0x71 ./emlib/em_system.o
 .debug_frame   0x0000000000000000       0x5c ./emlib/em_system.o
 .ARM.attributes
                0x0000000000000000       0x33 ./emlib/em_system.o
 .text          0x0000000000000000        0x0 ./emlib/em_usart.o
 .data          0x0000000000000000        0x0 ./emlib/em_usart.o
 .bss           0x0000000000000000        0x0 ./emlib/em_usart.o
 .rodata        0x0000000000000000       0x77 ./emlib/em_usart.o
 .text.USART_BaudrateAsyncSet
                0x0000000000000000      0x130 ./emlib/em_usart.o
 .text.USART_BaudrateCalc
                0x0000000000000000      0x138 ./emlib/em_usart.o
 .text.USART_BaudrateGet
                0x0000000000000000       0x50 ./emlib/em_usart.o
 .text.USART_BaudrateSyncSet
                0x0000000000000000       0x6c ./emlib/em_usart.o
 .text.USART_Enable
                0x0000000000000000       0x54 ./emlib/em_usart.o
 .text.USART_InitAsync
                0x0000000000000000       0x9c ./emlib/em_usart.o
 .text.USART_InitSync
                0x0000000000000000       0xcc ./emlib/em_usart.o
 .text.USARTn_InitIrDA
                0x0000000000000000       0x88 ./emlib/em_usart.o
 .text.USART_InitI2s
                0x0000000000000000       0x94 ./emlib/em_usart.o
 .text.USART_InitPrsTrigger
                0x0000000000000000       0x60 ./emlib/em_usart.o
 .text.USART_Reset
                0x0000000000000000       0x8c ./emlib/em_usart.o
 .text.USART_Rx
                0x0000000000000000       0x28 ./emlib/em_usart.o
 .text.USART_RxDouble
                0x0000000000000000       0x28 ./emlib/em_usart.o
 .text.USART_RxDoubleExt
                0x0000000000000000       0x28 ./emlib/em_usart.o
 .text.USART_RxExt
                0x0000000000000000       0x28 ./emlib/em_usart.o
 .text.USART_SpiTransfer
                0x0000000000000000       0x40 ./emlib/em_usart.o
 .text.USART_Tx
                0x0000000000000000       0x2c ./emlib/em_usart.o
 .text.USART_TxDouble
                0x0000000000000000       0x2c ./emlib/em_usart.o
 .text.USART_TxDoubleExt
                0x0000000000000000       0x28 ./emlib/em_usart.o
 .text.USART_TxExt
                0x0000000000000000       0x2c ./emlib/em_usart.o
 .debug_info    0x0000000000000000      0xe3f ./emlib/em_usart.o
 .debug_abbrev  0x0000000000000000      0x1c5 ./emlib/em_usart.o
 .debug_loc     0x0000000000000000      0x6ba ./emlib/em_usart.o
 .debug_aranges
                0x0000000000000000       0xb8 ./emlib/em_usart.o
 .debug_ranges  0x0000000000000000       0xa8 ./emlib/em_usart.o
 .debug_line    0x0000000000000000      0x68c ./emlib/em_usart.o
 .debug_str     0x0000000000000000      0xd27 ./emlib/em_usart.o
 .comment       0x0000000000000000       0x71 ./emlib/em_usart.o
 .debug_frame   0x0000000000000000      0x308 ./emlib/em_usart.o
 .ARM.attributes
                0x0000000000000000       0x33 ./emlib/em_usart.o
 .text          0x0000000000000000        0x0 ./src/blink.o
 .data          0x0000000000000000        0x0 ./src/blink.o
 .bss           0x0000000000000000        0x0 ./src/blink.o
 .text          0x0000000000000000       0x30 /Applications/Simplicity Studio.app/Contents/Eclipse/developer/toolchains/gnu_arm/4.9_2015q3/bin/../lib/gcc/arm-none-eabi/4.9.3/armv7-m/libgcc.a(_aeabi_uldivmod.o)
 .data          0x0000000000000000        0x0 /Applications/Simplicity Studio.app/Contents/Eclipse/developer/toolchains/gnu_arm/4.9_2015q3/bin/../lib/gcc/arm-none-eabi/4.9.3/armv7-m/libgcc.a(_aeabi_uldivmod.o)
 .bss           0x0000000000000000        0x0 /Applications/Simplicity Studio.app/Contents/Eclipse/developer/toolchains/gnu_arm/4.9_2015q3/bin/../lib/gcc/arm-none-eabi/4.9.3/armv7-m/libgcc.a(_aeabi_uldivmod.o)
 .debug_frame   0x0000000000000000       0x28 /Applications/Simplicity Studio.app/Contents/Eclipse/developer/toolchains/gnu_arm/4.9_2015q3/bin/../lib/gcc/arm-none-eabi/4.9.3/armv7-m/libgcc.a(_aeabi_uldivmod.o)
 .ARM.attributes
                0x0000000000000000       0x1d /Applications/Simplicity Studio.app/Contents/Eclipse/developer/toolchains/gnu_arm/4.9_2015q3/bin/../lib/gcc/arm-none-eabi/4.9.3/armv7-m/libgcc.a(_aeabi_uldivmod.o)
 .text          0x0000000000000000       0x60 /Applications/Simplicity Studio.app/Contents/Eclipse/developer/toolchains/gnu_arm/4.9_2015q3/bin/../lib/gcc/arm-none-eabi/4.9.3/armv7-m/libgcc.a(bpabi.o)
 .data          0x0000000000000000        0x0 /Applications/Simplicity Studio.app/Contents/Eclipse/developer/toolchains/gnu_arm/4.9_2015q3/bin/../lib/gcc/arm-none-eabi/4.9.3/armv7-m/libgcc.a(bpabi.o)
 .bss           0x0000000000000000        0x0 /Applications/Simplicity Studio.app/Contents/Eclipse/developer/toolchains/gnu_arm/4.9_2015q3/bin/../lib/gcc/arm-none-eabi/4.9.3/armv7-m/libgcc.a(bpabi.o)
 .debug_frame   0x0000000000000000       0x54 /Applications/Simplicity Studio.app/Contents/Eclipse/developer/toolchains/gnu_arm/4.9_2015q3/bin/../lib/gcc/arm-none-eabi/4.9.3/armv7-m/libgcc.a(bpabi.o)
 .ARM.attributes
                0x0000000000000000       0x2d /Applications/Simplicity Studio.app/Contents/Eclipse/developer/toolchains/gnu_arm/4.9_2015q3/bin/../lib/gcc/arm-none-eabi/4.9.3/armv7-m/libgcc.a(bpabi.o)
 .text          0x0000000000000000        0x4 /Applications/Simplicity Studio.app/Contents/Eclipse/developer/toolchains/gnu_arm/4.9_2015q3/bin/../lib/gcc/arm-none-eabi/4.9.3/armv7-m/libgcc.a(_dvmd_tls.o)
 .data          0x0000000000000000        0x0 /Applications/Simplicity Studio.app/Contents/Eclipse/developer/toolchains/gnu_arm/4.9_2015q3/bin/../lib/gcc/arm-none-eabi/4.9.3/armv7-m/libgcc.a(_dvmd_tls.o)
 .bss           0x0000000000000000        0x0 /Applications/Simplicity Studio.app/Contents/Eclipse/developer/toolchains/gnu_arm/4.9_2015q3/bin/../lib/gcc/arm-none-eabi/4.9.3/armv7-m/libgcc.a(_dvmd_tls.o)
 .ARM.attributes
                0x0000000000000000       0x1d /Applications/Simplicity Studio.app/Contents/Eclipse/developer/toolchains/gnu_arm/4.9_2015q3/bin/../lib/gcc/arm-none-eabi/4.9.3/armv7-m/libgcc.a(_dvmd_tls.o)
 .text          0x0000000000000000      0x2ac /Applications/Simplicity Studio.app/Contents/Eclipse/developer/toolchains/gnu_arm/4.9_2015q3/bin/../lib/gcc/arm-none-eabi/4.9.3/armv7-m/libgcc.a(_divdi3.o)
 .data          0x0000000000000000        0x0 /Applications/Simplicity Studio.app/Contents/Eclipse/developer/toolchains/gnu_arm/4.9_2015q3/bin/../lib/gcc/arm-none-eabi/4.9.3/armv7-m/libgcc.a(_divdi3.o)
 .bss           0x0000000000000000        0x0 /Applications/Simplicity Studio.app/Contents/Eclipse/developer/toolchains/gnu_arm/4.9_2015q3/bin/../lib/gcc/arm-none-eabi/4.9.3/armv7-m/libgcc.a(_divdi3.o)
 .ARM.extab     0x0000000000000000        0x0 /Applications/Simplicity Studio.app/Contents/Eclipse/developer/toolchains/gnu_arm/4.9_2015q3/bin/../lib/gcc/arm-none-eabi/4.9.3/armv7-m/libgcc.a(_divdi3.o)
 .ARM.exidx     0x0000000000000000        0x8 /Applications/Simplicity Studio.app/Contents/Eclipse/developer/toolchains/gnu_arm/4.9_2015q3/bin/../lib/gcc/arm-none-eabi/4.9.3/armv7-m/libgcc.a(_divdi3.o)
 .debug_frame   0x0000000000000000       0x34 /Applications/Simplicity Studio.app/Contents/Eclipse/developer/toolchains/gnu_arm/4.9_2015q3/bin/../lib/gcc/arm-none-eabi/4.9.3/armv7-m/libgcc.a(_divdi3.o)
 .ARM.attributes
                0x0000000000000000       0x2d /Applications/Simplicity Studio.app/Contents/Eclipse/developer/toolchains/gnu_arm/4.9_2015q3/bin/../lib/gcc/arm-none-eabi/4.9.3/armv7-m/libgcc.a(_divdi3.o)
 .text          0x0000000000000000      0x270 /Applications/Simplicity Studio.app/Contents/Eclipse/developer/toolchains/gnu_arm/4.9_2015q3/bin/../lib/gcc/arm-none-eabi/4.9.3/armv7-m/libgcc.a(_udivdi3.o)
 .data          0x0000000000000000        0x0 /Applications/Simplicity Studio.app/Contents/Eclipse/developer/toolchains/gnu_arm/4.9_2015q3/bin/../lib/gcc/arm-none-eabi/4.9.3/armv7-m/libgcc.a(_udivdi3.o)
 .bss           0x0000000000000000        0x0 /Applications/Simplicity Studio.app/Contents/Eclipse/developer/toolchains/gnu_arm/4.9_2015q3/bin/../lib/gcc/arm-none-eabi/4.9.3/armv7-m/libgcc.a(_udivdi3.o)
 .ARM.extab     0x0000000000000000        0x0 /Applications/Simplicity Studio.app/Contents/Eclipse/developer/toolchains/gnu_arm/4.9_2015q3/bin/../lib/gcc/arm-none-eabi/4.9.3/armv7-m/libgcc.a(_udivdi3.o)
 .ARM.exidx     0x0000000000000000        0x8 /Applications/Simplicity Studio.app/Contents/Eclipse/developer/toolchains/gnu_arm/4.9_2015q3/bin/../lib/gcc/arm-none-eabi/4.9.3/armv7-m/libgcc.a(_udivdi3.o)
 .debug_frame   0x0000000000000000       0x34 /Applications/Simplicity Studio.app/Contents/Eclipse/developer/toolchains/gnu_arm/4.9_2015q3/bin/../lib/gcc/arm-none-eabi/4.9.3/armv7-m/libgcc.a(_udivdi3.o)
 .ARM.attributes
                0x0000000000000000       0x2d /Applications/Simplicity Studio.app/Contents/Eclipse/developer/toolchains/gnu_arm/4.9_2015q3/bin/../lib/gcc/arm-none-eabi/4.9.3/armv7-m/libgcc.a(_udivdi3.o)
 .text          0x0000000000000000        0x0 /Applications/Simplicity Studio.app/Contents/Eclipse/developer/toolchains/gnu_arm/4.9_2015q3/bin/../lib/gcc/arm-none-eabi/4.9.3/../../../../arm-none-eabi/lib/armv7-m/libc_nano.a(lib_a-exit.o)
 .data          0x0000000000000000        0x0 /Applications/Simplicity Studio.app/Contents/Eclipse/developer/toolchains/gnu_arm/4.9_2015q3/bin/../lib/gcc/arm-none-eabi/4.9.3/../../../../arm-none-eabi/lib/armv7-m/libc_nano.a(lib_a-exit.o)
 .bss           0x0000000000000000        0x0 /Applications/Simplicity Studio.app/Contents/Eclipse/developer/toolchains/gnu_arm/4.9_2015q3/bin/../lib/gcc/arm-none-eabi/4.9.3/../../../../arm-none-eabi/lib/armv7-m/libc_nano.a(lib_a-exit.o)
 .text          0x0000000000000000        0x0 /Applications/Simplicity Studio.app/Contents/Eclipse/developer/toolchains/gnu_arm/4.9_2015q3/bin/../lib/gcc/arm-none-eabi/4.9.3/../../../../arm-none-eabi/lib/armv7-m/libc_nano.a(lib_a-impure.o)
 .data          0x0000000000000000        0x0 /Applications/Simplicity Studio.app/Contents/Eclipse/developer/toolchains/gnu_arm/4.9_2015q3/bin/../lib/gcc/arm-none-eabi/4.9.3/../../../../arm-none-eabi/lib/armv7-m/libc_nano.a(lib_a-impure.o)
 .bss           0x0000000000000000        0x0 /Applications/Simplicity Studio.app/Contents/Eclipse/developer/toolchains/gnu_arm/4.9_2015q3/bin/../lib/gcc/arm-none-eabi/4.9.3/../../../../arm-none-eabi/lib/armv7-m/libc_nano.a(lib_a-impure.o)
 .data._impure_ptr
                0x0000000000000000        0x4 /Applications/Simplicity Studio.app/Contents/Eclipse/developer/toolchains/gnu_arm/4.9_2015q3/bin/../lib/gcc/arm-none-eabi/4.9.3/../../../../arm-none-eabi/lib/armv7-m/libc_nano.a(lib_a-impure.o)
 .text          0x0000000000000000        0x0 /Applications/Simplicity Studio.app/Contents/Eclipse/developer/toolchains/gnu_arm/4.9_2015q3/bin/../lib/gcc/arm-none-eabi/4.9.3/../../../../arm-none-eabi/lib/armv7-m/libc_nano.a(lib_a-init.o)
 .data          0x0000000000000000        0x0 /Applications/Simplicity Studio.app/Contents/Eclipse/developer/toolchains/gnu_arm/4.9_2015q3/bin/../lib/gcc/arm-none-eabi/4.9.3/../../../../arm-none-eabi/lib/armv7-m/libc_nano.a(lib_a-init.o)
 .bss           0x0000000000000000        0x0 /Applications/Simplicity Studio.app/Contents/Eclipse/developer/toolchains/gnu_arm/4.9_2015q3/bin/../lib/gcc/arm-none-eabi/4.9.3/../../../../arm-none-eabi/lib/armv7-m/libc_nano.a(lib_a-init.o)
 .text          0x0000000000000000        0x0 /Applications/Simplicity Studio.app/Contents/Eclipse/developer/toolchains/gnu_arm/4.9_2015q3/bin/../lib/gcc/arm-none-eabi/4.9.3/../../../../arm-none-eabi/lib/armv7-m/libc_nano.a(lib_a-memset.o)
 .data          0x0000000000000000        0x0 /Applications/Simplicity Studio.app/Contents/Eclipse/developer/toolchains/gnu_arm/4.9_2015q3/bin/../lib/gcc/arm-none-eabi/4.9.3/../../../../arm-none-eabi/lib/armv7-m/libc_nano.a(lib_a-memset.o)
 .bss           0x0000000000000000        0x0 /Applications/Simplicity Studio.app/Contents/Eclipse/developer/toolchains/gnu_arm/4.9_2015q3/bin/../lib/gcc/arm-none-eabi/4.9.3/../../../../arm-none-eabi/lib/armv7-m/libc_nano.a(lib_a-memset.o)
 .text          0x0000000000000000        0x0 /Applications/Simplicity Studio.app/Contents/Eclipse/developer/toolchains/gnu_arm/4.9_2015q3/bin/../lib/gcc/arm-none-eabi/4.9.3/../../../../arm-none-eabi/lib/armv7-m/libnosys.a(_exit.o)
 .data          0x0000000000000000        0x0 /Applications/Simplicity Studio.app/Contents/Eclipse/developer/toolchains/gnu_arm/4.9_2015q3/bin/../lib/gcc/arm-none-eabi/4.9.3/../../../../arm-none-eabi/lib/armv7-m/libnosys.a(_exit.o)
 .bss           0x0000000000000000        0x0 /Applications/Simplicity Studio.app/Contents/Eclipse/developer/toolchains/gnu_arm/4.9_2015q3/bin/../lib/gcc/arm-none-eabi/4.9.3/../../../../arm-none-eabi/lib/armv7-m/libnosys.a(_exit.o)
 .text          0x0000000000000000        0x0 /Applications/Simplicity Studio.app/Contents/Eclipse/developer/toolchains/gnu_arm/4.9_2015q3/bin/../lib/gcc/arm-none-eabi/4.9.3/armv7-m/crtend.o
 .data          0x0000000000000000        0x0 /Applications/Simplicity Studio.app/Contents/Eclipse/developer/toolchains/gnu_arm/4.9_2015q3/bin/../lib/gcc/arm-none-eabi/4.9.3/armv7-m/crtend.o
 .bss           0x0000000000000000        0x0 /Applications/Simplicity Studio.app/Contents/Eclipse/developer/toolchains/gnu_arm/4.9_2015q3/bin/../lib/gcc/arm-none-eabi/4.9.3/armv7-m/crtend.o
 .text          0x0000000000000000        0x0 /Applications/Simplicity Studio.app/Contents/Eclipse/developer/toolchains/gnu_arm/4.9_2015q3/bin/../lib/gcc/arm-none-eabi/4.9.3/armv7-m/crtn.o
 .data          0x0000000000000000        0x0 /Applications/Simplicity Studio.app/Contents/Eclipse/developer/toolchains/gnu_arm/4.9_2015q3/bin/../lib/gcc/arm-none-eabi/4.9.3/armv7-m/crtn.o
 .bss           0x0000000000000000        0x0 /Applications/Simplicity Studio.app/Contents/Eclipse/developer/toolchains/gnu_arm/4.9_2015q3/bin/../lib/gcc/arm-none-eabi/4.9.3/armv7-m/crtn.o

Memory Configuration

Name             Origin             Length             Attributes
FLASH            0x0000000000000000 0x0000000000008000 xr
RAM              0x0000000020000000 0x0000000000001000 xrw
*default*        0x0000000000000000 0xffffffffffffffff

Linker script and memory map

LOAD /Applications/Simplicity Studio.app/Contents/Eclipse/developer/toolchains/gnu_arm/4.9_2015q3/bin/../lib/gcc/arm-none-eabi/4.9.3/armv7-m/crti.o
LOAD /Applications/Simplicity Studio.app/Contents/Eclipse/developer/toolchains/gnu_arm/4.9_2015q3/bin/../lib/gcc/arm-none-eabi/4.9.3/armv7-m/crtbegin.o
LOAD /Applications/Simplicity Studio.app/Contents/Eclipse/developer/toolchains/gnu_arm/4.9_2015q3/bin/../lib/gcc/arm-none-eabi/4.9.3/../../../../arm-none-eabi/lib/armv7-m/crt0.o
LOAD ./BSP/bsp_bcc.o
LOAD ./BSP/bsp_stk.o
LOAD ./BSP/bsp_stk_leds.o
LOAD ./BSP/bsp_trace.o
LOAD ./CMSIS/EFM32TG/startup_efm32tg.o
LOAD ./CMSIS/EFM32TG/system_efm32tg.o
LOAD ./emlib/em_assert.o
LOAD ./emlib/em_cmu.o
LOAD ./emlib/em_emu.o
LOAD ./emlib/em_gpio.o
LOAD ./emlib/em_system.o
LOAD ./emlib/em_usart.o
LOAD ./src/blink.o
START GROUP
LOAD /Applications/Simplicity Studio.app/Contents/Eclipse/developer/toolchains/gnu_arm/4.9_2015q3/bin/../lib/gcc/arm-none-eabi/4.9.3/armv7-m/libgcc.a
LOAD /Applications/Simplicity Studio.app/Contents/Eclipse/developer/toolchains/gnu_arm/4.9_2015q3/bin/../lib/gcc/arm-none-eabi/4.9.3/../../../../arm-none-eabi/lib/armv7-m/libc_nano.a
LOAD /Applications/Simplicity Studio.app/Contents/Eclipse/developer/toolchains/gnu_arm/4.9_2015q3/bin/../lib/gcc/arm-none-eabi/4.9.3/../../../../arm-none-eabi/lib/armv7-m/libnosys.a
END GROUP
START GROUP
LOAD /Applications/Simplicity Studio.app/Contents/Eclipse/developer/toolchains/gnu_arm/4.9_2015q3/bin/../lib/gcc/arm-none-eabi/4.9.3/armv7-m/libgcc.a
LOAD /Applications/Simplicity Studio.app/Contents/Eclipse/developer/toolchains/gnu_arm/4.9_2015q3/bin/../lib/gcc/arm-none-eabi/4.9.3/../../../../arm-none-eabi/lib/armv7-m/libg_nano.a
LOAD /Applications/Simplicity Studio.app/Contents/Eclipse/developer/toolchains/gnu_arm/4.9_2015q3/bin/../lib/gcc/arm-none-eabi/4.9.3/../../../../arm-none-eabi/lib/armv7-m/libc_nano.a
END GROUP
START GROUP
LOAD /Applications/Simplicity Studio.app/Contents/Eclipse/developer/toolchains/gnu_arm/4.9_2015q3/bin/../lib/gcc/arm-none-eabi/4.9.3/armv7-m/libgcc.a
LOAD /Applications/Simplicity Studio.app/Contents/Eclipse/developer/toolchains/gnu_arm/4.9_2015q3/bin/../lib/gcc/arm-none-eabi/4.9.3/../../../../arm-none-eabi/lib/armv7-m/libc_nano.a
END GROUP
LOAD /Applications/Simplicity Studio.app/Contents/Eclipse/developer/toolchains/gnu_arm/4.9_2015q3/bin/../lib/gcc/arm-none-eabi/4.9.3/armv7-m/crtend.o
LOAD /Applications/Simplicity Studio.app/Contents/Eclipse/developer/toolchains/gnu_arm/4.9_2015q3/bin/../lib/gcc/arm-none-eabi/4.9.3/armv7-m/crtn.o

.text           0x0000000000000000     0x1284
 *(.vectors)
 .vectors       0x0000000000000000       0x9c ./CMSIS/EFM32TG/startup_efm32tg.o
                0x0000000000000000                __Vectors
                0x000000000000009c                __Vectors_End = .
                0x000000000000009c                __Vectors_Size = (__Vectors_End - __Vectors)
                0x000000000000009c                __end__ = .
 *(.text*)
 .text          0x000000000000009c       0x5c /Applications/Simplicity Studio.app/Contents/Eclipse/developer/toolchains/gnu_arm/4.9_2015q3/bin/../lib/gcc/arm-none-eabi/4.9.3/armv7-m/crtbegin.o
 .text          0x00000000000000f8       0x74 /Applications/Simplicity Studio.app/Contents/Eclipse/developer/toolchains/gnu_arm/4.9_2015q3/bin/../lib/gcc/arm-none-eabi/4.9.3/../../../../arm-none-eabi/lib/armv7-m/crt0.o
                0x00000000000000f8                _mainCRTStartup
                0x00000000000000f8                _start
 .text.BSP_LedsInit
                0x000000000000016c       0x54 ./BSP/bsp_stk_leds.o
                0x000000000000016c                BSP_LedsInit
 .text.BSP_TraceSwoSetup
                0x00000000000001c0      0x110 ./BSP/bsp_trace.o
                0x00000000000001c0                BSP_TraceSwoSetup
 .text.BSP_TraceProfilerSetup
                0x00000000000002d0       0x28 ./BSP/bsp_trace.o
                0x00000000000002d0                BSP_TraceProfilerSetup
 .text          0x00000000000002f8       0x30 ./CMSIS/EFM32TG/startup_efm32tg.o
                0x00000000000002f8                Reset_Handler
                0x0000000000000324                USART0_TX_IRQHandler
                0x0000000000000324                I2C0_IRQHandler
                0x0000000000000324                HardFault_Handler
                0x0000000000000324                USART1_RX_IRQHandler
                0x0000000000000324                PendSV_Handler
                0x0000000000000324                NMI_Handler
                0x0000000000000324                USART1_TX_IRQHandler
                0x0000000000000324                MSC_IRQHandler
                0x0000000000000324                ADC0_IRQHandler
                0x0000000000000324                UsageFault_Handler
                0x0000000000000324                LEUART0_IRQHandler
                0x0000000000000324                GPIO_EVEN_IRQHandler
                0x0000000000000324                RTC_IRQHandler
                0x0000000000000324                TIMER0_IRQHandler
                0x0000000000000324                LCD_IRQHandler
                0x0000000000000324                LETIMER0_IRQHandler
                0x0000000000000324                TIMER1_IRQHandler
                0x0000000000000324                Default_Handler
                0x0000000000000324                PCNT0_IRQHandler
                0x0000000000000324                ACMP0_IRQHandler
                0x0000000000000324                USART0_RX_IRQHandler
                0x0000000000000324                MemManage_Handler
                0x0000000000000324                SVC_Handler
                0x0000000000000324                DAC0_IRQHandler
                0x0000000000000324                CMU_IRQHandler
                0x0000000000000324                LESENSE_IRQHandler
                0x0000000000000324                GPIO_ODD_IRQHandler
                0x0000000000000324                AES_IRQHandler
                0x0000000000000324                VCMP_IRQHandler
                0x0000000000000324                DMA_IRQHandler
                0x0000000000000324                DebugMon_Handler
                0x0000000000000324                BusFault_Handler
 .text.GetProdRev
                0x0000000000000328       0x1c ./CMSIS/EFM32TG/system_efm32tg.o
 .text.SystemCoreClockGet
                0x0000000000000344       0x34 ./CMSIS/EFM32TG/system_efm32tg.o
                0x0000000000000344                SystemCoreClockGet
 .text.SystemHFClockGet
                0x0000000000000378       0xf0 ./CMSIS/EFM32TG/system_efm32tg.o
                0x0000000000000378                SystemHFClockGet
 .text.SystemInit
                0x0000000000000468        0xc ./CMSIS/EFM32TG/system_efm32tg.o
                0x0000000000000468                SystemInit
 .text.SystemLFRCOClockGet
                0x0000000000000474       0x14 ./CMSIS/EFM32TG/system_efm32tg.o
                0x0000000000000474                SystemLFRCOClockGet
 .text.SystemULFRCOClockGet
                0x0000000000000488       0x14 ./CMSIS/EFM32TG/system_efm32tg.o
                0x0000000000000488                SystemULFRCOClockGet
 .text.SystemLFXOClockGet
                0x000000000000049c       0x18 ./CMSIS/EFM32TG/system_efm32tg.o
                0x000000000000049c                SystemLFXOClockGet
 .text.assertEFM
                0x00000000000004b4        0xc ./emlib/em_assert.o
                0x00000000000004b4                assertEFM
 .text.BUS_RegBitWrite
                0x00000000000004c0       0x2c ./emlib/em_cmu.o
 .text.CMU_DivToLog2
                0x00000000000004ec       0x3c ./emlib/em_cmu.o
 .text.SYSTEM_GetProdRev
                0x0000000000000528       0x1c ./emlib/em_cmu.o
 .text.auxClkGet
                0x0000000000000544       0xc0 ./emlib/em_cmu.o
 .text.dbgClkGet
                0x0000000000000604       0x4c ./emlib/em_cmu.o
 .text.lfClkGet
                0x0000000000000650      0x104 ./emlib/em_cmu.o
 .text.syncReg  0x0000000000000754       0x34 ./emlib/em_cmu.o
 .text.CMU_ClockEnable
                0x0000000000000788       0xc8 ./emlib/em_cmu.o
                0x0000000000000788                CMU_ClockEnable
 .text.CMU_ClockFreqGet
                0x0000000000000850      0x1b0 ./emlib/em_cmu.o
                0x0000000000000850                CMU_ClockFreqGet
 .text.CMU_ClockSelectGet
                0x0000000000000a00      0x130 ./emlib/em_cmu.o
                0x0000000000000a00                CMU_ClockSelectGet
 .text.GPIO_PinOutClear
                0x0000000000000b30       0x94 ./emlib/em_gpio.o
 .text.GPIO_PinOutSet
                0x0000000000000bc4       0x94 ./emlib/em_gpio.o
 .text.GPIO_PinModeSet
                0x0000000000000c58      0x14c ./emlib/em_gpio.o
                0x0000000000000c58                GPIO_PinModeSet
 .text.NVIC_SetPriority
                0x0000000000000da4       0x54 ./src/blink.o
 .text.SysTick_Config
                0x0000000000000df8       0x44 ./src/blink.o
 .text.GPIO_PinOutToggle
                0x0000000000000e3c       0x94 ./src/blink.o
 .text.CHIP_Init
                0x0000000000000ed0        0xc ./src/blink.o
 .text.SysTick_Handler
                0x0000000000000edc       0x1c ./src/blink.o
                0x0000000000000edc                SysTick_Handler
 .text.Delay    0x0000000000000ef8       0x2c ./src/blink.o
                0x0000000000000ef8                Delay
 .text.main     0x0000000000000f24       0x54 ./src/blink.o
                0x0000000000000f24                main
 .text.exit     0x0000000000000f78       0x28 /Applications/Simplicity Studio.app/Contents/Eclipse/developer/toolchains/gnu_arm/4.9_2015q3/bin/../lib/gcc/arm-none-eabi/4.9.3/../../../../arm-none-eabi/lib/armv7-m/libc_nano.a(lib_a-exit.o)
                0x0000000000000f78                exit
 .text.__libc_init_array
                0x0000000000000fa0       0x4c /Applications/Simplicity Studio.app/Contents/Eclipse/developer/toolchains/gnu_arm/4.9_2015q3/bin/../lib/gcc/arm-none-eabi/4.9.3/../../../../arm-none-eabi/lib/armv7-m/libc_nano.a(lib_a-init.o)
                0x0000000000000fa0                __libc_init_array
 .text.memset   0x0000000000000fec       0x10 /Applications/Simplicity Studio.app/Contents/Eclipse/developer/toolchains/gnu_arm/4.9_2015q3/bin/../lib/gcc/arm-none-eabi/4.9.3/../../../../arm-none-eabi/lib/armv7-m/libc_nano.a(lib_a-memset.o)
                0x0000000000000fec                memset
 .text._exit    0x0000000000000ffc        0x4 /Applications/Simplicity Studio.app/Contents/Eclipse/developer/toolchains/gnu_arm/4.9_2015q3/bin/../lib/gcc/arm-none-eabi/4.9.3/../../../../arm-none-eabi/lib/armv7-m/libnosys.a(_exit.o)
                0x0000000000000ffc                _exit
 *(.init)
 .init          0x0000000000001000        0x4 /Applications/Simplicity Studio.app/Contents/Eclipse/developer/toolchains/gnu_arm/4.9_2015q3/bin/../lib/gcc/arm-none-eabi/4.9.3/armv7-m/crti.o
                0x0000000000001000                _init
 .init          0x0000000000001004        0x8 /Applications/Simplicity Studio.app/Contents/Eclipse/developer/toolchains/gnu_arm/4.9_2015q3/bin/../lib/gcc/arm-none-eabi/4.9.3/armv7-m/crtn.o
 *(.fini)
 .fini          0x000000000000100c        0x4 /Applications/Simplicity Studio.app/Contents/Eclipse/developer/toolchains/gnu_arm/4.9_2015q3/bin/../lib/gcc/arm-none-eabi/4.9.3/armv7-m/crti.o
                0x000000000000100c                _fini
 .fini          0x0000000000001010        0x8 /Applications/Simplicity Studio.app/Contents/Eclipse/developer/toolchains/gnu_arm/4.9_2015q3/bin/../lib/gcc/arm-none-eabi/4.9.3/armv7-m/crtn.o
 *crtbegin.o(.ctors)
 *crtbegin?.o(.ctors)
 *(EXCLUDE_FILE(*crtend.o *crtend?.o) .ctors)
 *(SORT(.ctors.*))
 *(.ctors)
 *crtbegin.o(.dtors)
 *crtbegin?.o(.dtors)
 *(EXCLUDE_FILE(*crtend.o *crtend?.o) .dtors)
 *(SORT(.dtors.*))
 *(.dtors)
 *(.rodata*)
 .rodata.ledArray
                0x0000000000001018        0x8 ./BSP/bsp_stk_leds.o
 .rodata        0x0000000000001020       0xed ./emlib/em_cmu.o
 *fill*         0x000000000000110d        0x3 
 .rodata        0x0000000000001110       0xee ./emlib/em_gpio.o
 *fill*         0x00000000000011fe        0x2 
 .rodata        0x0000000000001200       0x77 ./src/blink.o
 .rodata.str1.1
                0x0000000000001277        0x2 /Applications/Simplicity Studio.app/Contents/Eclipse/developer/toolchains/gnu_arm/4.9_2015q3/bin/../lib/gcc/arm-none-eabi/4.9.3/../../../../arm-none-eabi/lib/armv7-m/libc_nano.a(lib_a-impure.o)
 *fill*         0x0000000000001279        0x3 
 .rodata._global_impure_ptr
                0x000000000000127c        0x4 /Applications/Simplicity Studio.app/Contents/Eclipse/developer/toolchains/gnu_arm/4.9_2015q3/bin/../lib/gcc/arm-none-eabi/4.9.3/../../../../arm-none-eabi/lib/armv7-m/libc_nano.a(lib_a-impure.o)
                0x000000000000127c                _global_impure_ptr
 *(.eh_frame*)
 .eh_frame      0x0000000000001280        0x0 /Applications/Simplicity Studio.app/Contents/Eclipse/developer/toolchains/gnu_arm/4.9_2015q3/bin/../lib/gcc/arm-none-eabi/4.9.3/armv7-m/crtbegin.o
 .eh_frame      0x0000000000001280        0x4 /Applications/Simplicity Studio.app/Contents/Eclipse/developer/toolchains/gnu_arm/4.9_2015q3/bin/../lib/gcc/arm-none-eabi/4.9.3/armv7-m/crtend.o

.glue_7         0x0000000000001284        0x0
 .glue_7        0x0000000000000000        0x0 linker stubs

.glue_7t        0x0000000000001284        0x0
 .glue_7t       0x0000000000000000        0x0 linker stubs

.vfp11_veneer   0x0000000000001284        0x0
 .vfp11_veneer  0x0000000000000000        0x0 linker stubs

.v4_bx          0x0000000000001284        0x0
 .v4_bx         0x0000000000000000        0x0 linker stubs

.iplt           0x0000000000001284        0x0
 .iplt          0x0000000000000000        0x0 /Applications/Simplicity Studio.app/Contents/Eclipse/developer/toolchains/gnu_arm/4.9_2015q3/bin/../lib/gcc/arm-none-eabi/4.9.3/armv7-m/crtbegin.o

.ARM.extab
 *(.ARM.extab* .gnu.linkonce.armextab.*)
                0x0000000000001284                __exidx_start = .

.ARM.exidx      0x0000000000001284        0x8
 *(.ARM.exidx* .gnu.linkonce.armexidx.*)
 .ARM.exidx     0x0000000000001284        0x8 /Applications/Simplicity Studio.app/Contents/Eclipse/developer/toolchains/gnu_arm/4.9_2015q3/bin/../lib/gcc/arm-none-eabi/4.9.3/../../../../arm-none-eabi/lib/armv7-m/crt0.o
                0x000000000000128c                __exidx_end = .
                0x000000000000128c                __etext = .

.rel.dyn        0x000000000000128c        0x0
 .rel.iplt      0x0000000000000000        0x0 /Applications/Simplicity Studio.app/Contents/Eclipse/developer/toolchains/gnu_arm/4.9_2015q3/bin/../lib/gcc/arm-none-eabi/4.9.3/armv7-m/crtbegin.o

.data           0x0000000020000000       0x78 load address 0x000000000000128c
                0x0000000020000000                __data_start__ = .
 *(vtable)
 *(.data*)
 .data.SystemHFXOClock
                0x0000000020000000        0x4 ./CMSIS/EFM32TG/system_efm32tg.o
 .data.SystemLFXOClock
                0x0000000020000004        0x4 ./CMSIS/EFM32TG/system_efm32tg.o
 .data.SystemCoreClock
                0x0000000020000008        0x4 ./CMSIS/EFM32TG/system_efm32tg.o
                0x0000000020000008                SystemCoreClock
 .data.impure_data
                0x000000002000000c       0x60 /Applications/Simplicity Studio.app/Contents/Eclipse/developer/toolchains/gnu_arm/4.9_2015q3/bin/../lib/gcc/arm-none-eabi/4.9.3/../../../../arm-none-eabi/lib/armv7-m/libc_nano.a(lib_a-impure.o)
                0x000000002000006c                . = ALIGN (0x4)
 *(.ram)
                0x000000002000006c                . = ALIGN (0x4)
                0x000000002000006c                PROVIDE (__preinit_array_start, .)
 *(.preinit_array)
                0x000000002000006c                PROVIDE (__preinit_array_end, .)
                0x000000002000006c                . = ALIGN (0x4)
                0x000000002000006c                PROVIDE (__init_array_start, .)
 *(SORT(.init_array.*))
 *(.init_array)
 .init_array    0x000000002000006c        0x4 /Applications/Simplicity Studio.app/Contents/Eclipse/developer/toolchains/gnu_arm/4.9_2015q3/bin/../lib/gcc/arm-none-eabi/4.9.3/armv7-m/crtbegin.o
                0x0000000020000070                PROVIDE (__init_array_end, .)
                0x0000000020000070                . = ALIGN (0x4)
                0x0000000020000070                PROVIDE (__fini_array_start, .)
 *(SORT(.fini_array.*))
 *(.fini_array)
 .fini_array    0x0000000020000070        0x4 /Applications/Simplicity Studio.app/Contents/Eclipse/developer/toolchains/gnu_arm/4.9_2015q3/bin/../lib/gcc/arm-none-eabi/4.9.3/armv7-m/crtbegin.o
                0x0000000020000074                PROVIDE (__fini_array_end, .)
 *(.jcr*)
 .jcr           0x0000000020000074        0x0 /Applications/Simplicity Studio.app/Contents/Eclipse/developer/toolchains/gnu_arm/4.9_2015q3/bin/../lib/gcc/arm-none-eabi/4.9.3/armv7-m/crtbegin.o
 .jcr           0x0000000020000074        0x4 /Applications/Simplicity Studio.app/Contents/Eclipse/developer/toolchains/gnu_arm/4.9_2015q3/bin/../lib/gcc/arm-none-eabi/4.9.3/armv7-m/crtend.o
                0x0000000020000078                . = ALIGN (0x4)
                0x0000000020000078                __data_end__ = .

.igot.plt       0x0000000020000078        0x0 load address 0x0000000000001304
 .igot.plt      0x0000000000000000        0x0 /Applications/Simplicity Studio.app/Contents/Eclipse/developer/toolchains/gnu_arm/4.9_2015q3/bin/../lib/gcc/arm-none-eabi/4.9.3/armv7-m/crtbegin.o

.bss            0x0000000020000078       0x20 load address 0x0000000000001304
                0x0000000020000078                . = ALIGN (0x4)
                0x0000000020000078                __bss_start__ = .
 *(.bss*)
 .bss           0x0000000020000078       0x1c /Applications/Simplicity Studio.app/Contents/Eclipse/developer/toolchains/gnu_arm/4.9_2015q3/bin/../lib/gcc/arm-none-eabi/4.9.3/armv7-m/crtbegin.o
 *(COMMON)
 COMMON         0x0000000020000094        0x4 ./src/blink.o
                0x0000000020000094                msTicks
                0x0000000020000098                . = ALIGN (0x4)
                0x0000000020000098                __bss_end__ = .

.heap           0x0000000020000098        0x0
                0x0000000020000098                __HeapBase = .
                0x0000000020000098                __end__ = .
                0x0000000020000098                end = __end__
                0x0000000020000098                _end = __end__
 *(.heap*)
 .heap          0x0000000020000098        0x0 ./CMSIS/EFM32TG/startup_efm32tg.o
                0x0000000020000098                __HeapLimit = .

.stack_dummy    0x0000000020000098      0x400
 *(.stack*)
 .stack         0x0000000020000098      0x400 ./CMSIS/EFM32TG/startup_efm32tg.o
                0x0000000020001000                __StackTop = (ORIGIN (RAM) + 0x1000)
                0x0000000020000c00                __StackLimit = (__StackTop - SIZEOF (.stack_dummy))
                0x0000000020001000                PROVIDE (__stack, __StackTop)
                0x0000000000000001                ASSERT ((__StackLimit >= __HeapLimit), region RAM overflowed with stack)
                0x0000000000000001                ASSERT ((0x8000 >= (__etext + SIZEOF (.data))), FLASH memory overflowed !)
OUTPUT(STK3300_blink.axf elf32-littlearm)

.ARM.attributes
                0x0000000000000000       0x29
 .ARM.attributes
                0x0000000000000000       0x1d /Applications/Simplicity Studio.app/Contents/Eclipse/developer/toolchains/gnu_arm/4.9_2015q3/bin/../lib/gcc/arm-none-eabi/4.9.3/armv7-m/crti.o
 .ARM.attributes
                0x000000000000001d       0x2d /Applications/Simplicity Studio.app/Contents/Eclipse/developer/toolchains/gnu_arm/4.9_2015q3/bin/../lib/gcc/arm-none-eabi/4.9.3/armv7-m/crtbegin.o
 .ARM.attributes
                0x000000000000004a       0x1b /Applications/Simplicity Studio.app/Contents/Eclipse/developer/toolchains/gnu_arm/4.9_2015q3/bin/../lib/gcc/arm-none-eabi/4.9.3/../../../../arm-none-eabi/lib/armv7-m/crt0.o
 .ARM.attributes
                0x0000000000000065       0x33 ./BSP/bsp_stk_leds.o
 .ARM.attributes
                0x0000000000000098       0x33 ./BSP/bsp_trace.o
 .ARM.attributes
                0x00000000000000cb       0x1b ./CMSIS/EFM32TG/startup_efm32tg.o
 .ARM.attributes
                0x00000000000000e6       0x33 ./CMSIS/EFM32TG/system_efm32tg.o
 .ARM.attributes
                0x0000000000000119       0x33 ./emlib/em_assert.o
 .ARM.attributes
                0x000000000000014c       0x33 ./emlib/em_cmu.o
 .ARM.attributes
                0x000000000000017f       0x33 ./emlib/em_gpio.o
 .ARM.attributes
                0x00000000000001b2       0x33 ./src/blink.o
 .ARM.attributes
                0x00000000000001e5       0x2d /Applications/Simplicity Studio.app/Contents/Eclipse/developer/toolchains/gnu_arm/4.9_2015q3/bin/../lib/gcc/arm-none-eabi/4.9.3/../../../../arm-none-eabi/lib/armv7-m/libc_nano.a(lib_a-exit.o)
 .ARM.attributes
                0x0000000000000212       0x2d /Applications/Simplicity Studio.app/Contents/Eclipse/developer/toolchains/gnu_arm/4.9_2015q3/bin/../lib/gcc/arm-none-eabi/4.9.3/../../../../arm-none-eabi/lib/armv7-m/libc_nano.a(lib_a-impure.o)
 .ARM.attributes
                0x000000000000023f       0x2d /Applications/Simplicity Studio.app/Contents/Eclipse/developer/toolchains/gnu_arm/4.9_2015q3/bin/../lib/gcc/arm-none-eabi/4.9.3/../../../../arm-none-eabi/lib/armv7-m/libc_nano.a(lib_a-init.o)
 .ARM.attributes
                0x000000000000026c       0x2d /Applications/Simplicity Studio.app/Contents/Eclipse/developer/toolchains/gnu_arm/4.9_2015q3/bin/../lib/gcc/arm-none-eabi/4.9.3/../../../../arm-none-eabi/lib/armv7-m/libc_nano.a(lib_a-memset.o)
 .ARM.attributes
                0x0000000000000299       0x2d /Applications/Simplicity Studio.app/Contents/Eclipse/developer/toolchains/gnu_arm/4.9_2015q3/bin/../lib/gcc/arm-none-eabi/4.9.3/../../../../arm-none-eabi/lib/armv7-m/libnosys.a(_exit.o)
 .ARM.attributes
                0x00000000000002c6       0x2d /Applications/Simplicity Studio.app/Contents/Eclipse/developer/toolchains/gnu_arm/4.9_2015q3/bin/../lib/gcc/arm-none-eabi/4.9.3/armv7-m/crtend.o
 .ARM.attributes
                0x00000000000002f3       0x1d /Applications/Simplicity Studio.app/Contents/Eclipse/developer/toolchains/gnu_arm/4.9_2015q3/bin/../lib/gcc/arm-none-eabi/4.9.3/armv7-m/crtn.o

.comment        0x0000000000000000       0x70
 .comment       0x0000000000000000       0x70 ./BSP/bsp_stk_leds.o
                                         0x71 (size before relaxing)
 .comment       0x0000000000000000       0x71 ./BSP/bsp_trace.o
 .comment       0x0000000000000000       0x71 ./CMSIS/EFM32TG/system_efm32tg.o
 .comment       0x0000000000000000       0x71 ./emlib/em_assert.o
 .comment       0x0000000000000000       0x71 ./emlib/em_cmu.o
 .comment       0x0000000000000000       0x71 ./emlib/em_gpio.o
 .comment       0x0000000000000000       0x71 ./src/blink.o

.debug_info     0x0000000000000000     0x3bea
 .debug_info    0x0000000000000000      0x74c ./BSP/bsp_stk_leds.o
 .debug_info    0x000000000000074c      0xc2d ./BSP/bsp_trace.o
 .debug_info    0x0000000000001379      0x118 ./CMSIS/EFM32TG/startup_efm32tg.o
 .debug_info    0x0000000000001491      0x57e ./CMSIS/EFM32TG/system_efm32tg.o
 .debug_info    0x0000000000001a0f       0x76 ./emlib/em_assert.o
 .debug_info    0x0000000000001a85     0x115f ./emlib/em_cmu.o
 .debug_info    0x0000000000002be4      0x65b ./emlib/em_gpio.o
 .debug_info    0x000000000000323f      0x9ab ./src/blink.o

.debug_abbrev   0x0000000000000000      0xb45
 .debug_abbrev  0x0000000000000000      0x17f ./BSP/bsp_stk_leds.o
 .debug_abbrev  0x000000000000017f      0x17b ./BSP/bsp_trace.o
 .debug_abbrev  0x00000000000002fa       0x14 ./CMSIS/EFM32TG/startup_efm32tg.o
 .debug_abbrev  0x000000000000030e      0x16b ./CMSIS/EFM32TG/system_efm32tg.o
 .debug_abbrev  0x0000000000000479       0x63 ./emlib/em_assert.o
 .debug_abbrev  0x00000000000004dc      0x29d ./emlib/em_cmu.o
 .debug_abbrev  0x0000000000000779      0x1be ./emlib/em_gpio.o
 .debug_abbrev  0x0000000000000937      0x20e ./src/blink.o

.debug_loc      0x0000000000000000     0x191c
 .debug_loc     0x0000000000000000      0x3cc ./BSP/bsp_stk_leds.o
 .debug_loc     0x00000000000003cc       0xa0 ./BSP/bsp_trace.o
 .debug_loc     0x000000000000046c      0x31c ./CMSIS/EFM32TG/system_efm32tg.o
 .debug_loc     0x0000000000000788       0x38 ./emlib/em_assert.o
 .debug_loc     0x00000000000007c0      0xbbc ./emlib/em_cmu.o
 .debug_loc     0x000000000000137c      0x394 ./emlib/em_gpio.o
 .debug_loc     0x0000000000001710      0x20c ./src/blink.o

.debug_aranges  0x0000000000000000      0x358
 .debug_aranges
                0x0000000000000000       0x78 ./BSP/bsp_stk_leds.o
 .debug_aranges
                0x0000000000000078       0x28 ./BSP/bsp_trace.o
 .debug_aranges
                0x00000000000000a0       0x20 ./CMSIS/EFM32TG/startup_efm32tg.o
 .debug_aranges
                0x00000000000000c0       0x70 ./CMSIS/EFM32TG/system_efm32tg.o
 .debug_aranges
                0x0000000000000130       0x20 ./emlib/em_assert.o
 .debug_aranges
                0x0000000000000150      0x148 ./emlib/em_cmu.o
 .debug_aranges
                0x0000000000000298       0x70 ./emlib/em_gpio.o
 .debug_aranges
                0x0000000000000308       0x50 ./src/blink.o

.debug_ranges   0x0000000000000000      0x2c8
 .debug_ranges  0x0000000000000000       0x68 ./BSP/bsp_stk_leds.o
 .debug_ranges  0x0000000000000068       0x18 ./BSP/bsp_trace.o
 .debug_ranges  0x0000000000000080       0x60 ./CMSIS/EFM32TG/system_efm32tg.o
 .debug_ranges  0x00000000000000e0       0x10 ./emlib/em_assert.o
 .debug_ranges  0x00000000000000f0      0x138 ./emlib/em_cmu.o
 .debug_ranges  0x0000000000000228       0x60 ./emlib/em_gpio.o
 .debug_ranges  0x0000000000000288       0x40 ./src/blink.o

.debug_line     0x0000000000000000     0x2377
 .debug_line    0x0000000000000000      0x5f6 ./BSP/bsp_stk_leds.o
 .debug_line    0x00000000000005f6      0x3a4 ./BSP/bsp_trace.o
 .debug_line    0x000000000000099a       0xe5 ./CMSIS/EFM32TG/startup_efm32tg.o
 .debug_line    0x0000000000000a7f      0x3e3 ./CMSIS/EFM32TG/system_efm32tg.o
 .debug_line    0x0000000000000e62       0xad ./emlib/em_assert.o
 .debug_line    0x0000000000000f0f      0xa52 ./emlib/em_cmu.o
 .debug_line    0x0000000000001961      0x60c ./emlib/em_gpio.o
 .debug_line    0x0000000000001f6d      0x40a ./src/blink.o

.debug_str      0x0000000000000000     0x18e8
 .debug_str     0x0000000000000000      0x6b6 ./BSP/bsp_stk_leds.o
                                        0x705 (size before relaxing)
 .debug_str     0x00000000000006b6      0x351 ./BSP/bsp_trace.o
                                        0x758 (size before relaxing)
 .debug_str     0x0000000000000a07      0x202 ./CMSIS/EFM32TG/system_efm32tg.o
                                        0x4db (size before relaxing)
 .debug_str     0x0000000000000c09       0x8c ./emlib/em_assert.o
                                        0x162 (size before relaxing)
 .debug_str     0x0000000000000c95      0x79b ./emlib/em_cmu.o
                                        0xcb8 (size before relaxing)
 .debug_str     0x0000000000001430      0x1af ./emlib/em_gpio.o
                                        0x612 (size before relaxing)
 .debug_str     0x00000000000015df      0x309 ./src/blink.o
                                        0x909 (size before relaxing)

.debug_frame    0x0000000000000000      0xc84
 .debug_frame   0x0000000000000000      0x1c4 ./BSP/bsp_stk_leds.o
 .debug_frame   0x00000000000001c4       0x58 ./BSP/bsp_trace.o
 .debug_frame   0x000000000000021c      0x180 ./CMSIS/EFM32TG/system_efm32tg.o
 .debug_frame   0x000000000000039c       0x2c ./emlib/em_assert.o
 .debug_frame   0x00000000000003c8      0x574 ./emlib/em_cmu.o
 .debug_frame   0x000000000000093c      0x1b0 ./emlib/em_gpio.o
 .debug_frame   0x0000000000000aec      0x104 ./src/blink.o
 .debug_frame   0x0000000000000bf0       0x28 /Applications/Simplicity Studio.app/Contents/Eclipse/developer/toolchains/gnu_arm/4.9_2015q3/bin/../lib/gcc/arm-none-eabi/4.9.3/../../../../arm-none-eabi/lib/armv7-m/libc_nano.a(lib_a-exit.o)
 .debug_frame   0x0000000000000c18       0x2c /Applications/Simplicity Studio.app/Contents/Eclipse/developer/toolchains/gnu_arm/4.9_2015q3/bin/../lib/gcc/arm-none-eabi/4.9.3/../../../../arm-none-eabi/lib/armv7-m/libc_nano.a(lib_a-init.o)
 .debug_frame   0x0000000000000c44       0x20 /Applications/Simplicity Studio.app/Contents/Eclipse/developer/toolchains/gnu_arm/4.9_2015q3/bin/../lib/gcc/arm-none-eabi/4.9.3/../../../../arm-none-eabi/lib/armv7-m/libc_nano.a(lib_a-memset.o)
 .debug_frame   0x0000000000000c64       0x20 /Applications/Simplicity Studio.app/Contents/Eclipse/developer/toolchains/gnu_arm/4.9_2015q3/bin/../lib/gcc/arm-none-eabi/4.9.3/../../../../arm-none-eabi/lib/armv7-m/libnosys.a(_exit.o)
